// Jest Snapshot v1, https://goo.gl/fbAQLP

exports[`ConversionPlayBar should display play icon when isPlaying is set to false 1`] = `ShallowWrapper {}`;

exports[`ConversionPlayBar should render without throwing errors 1`] = `ShallowWrapper {}`;
